../Core/Src/main.c:104:5:main	24	static
../Core/Src/main.c:182:6:SystemClock_Config	96	static
../Core/Src/main.c:242:13:MX_NVIC_Init	8	static
../Core/Src/main.c:257:13:MX_ADC1_Init	32	static
../Core/Src/main.c:315:13:MX_SPI1_Init	8	static
../Core/Src/main.c:353:13:MX_DMA_Init	16	static
../Core/Src/main.c:366:13:MX_GPIO_Init	40	static
../Core/Src/main.c:410:6:RunDead	24	static
../Core/Src/main.c:435:6:PlayDeadAnim	24	static
../Core/Src/main.c:454:6:RunGame	16	static
../Core/Src/main.c:474:6:RunMenu	24	static
../Core/Src/main.c:498:6:HAL_SPI_TxCpltCallback	16	static
../Core/Src/main.c:510:6:Error_Handler	4	static,ignoring_inline_asm
