../Core/Src/main.c:115:5:main	8	static
../Core/Src/main.c:185:6:SystemClock_Config	96	static
../Core/Src/main.c:246:13:MX_ADC1_Init	32	static
../Core/Src/main.c:304:13:MX_SPI1_Init	8	static
../Core/Src/main.c:344:13:MX_GPIO_Init	40	static
../Core/Src/main.c:383:6:add_background	8	static
../Core/Src/main.c:388:6:update_backgrand	8	static
../Core/Src/main.c:394:6:update_lvl	8	static
../Core/Src/main.c:399:6:run_dead	16	static
../Core/Src/main.c:424:6:play_dead_anim	24	static
../Core/Src/main.c:443:6:shot	8	static
../Core/Src/main.c:448:6:boss_shoot	8	static
../Core/Src/main.c:453:6:update_scene	8	static
../Core/Src/main.c:458:6:run_game	8	static
../Core/Src/main.c:474:6:run_menu	16	static
../Core/Src/main.c:497:6:start_game	8	static
../Core/Src/main.c:502:6:add_enemy	8	static
../Core/Src/main.c:507:6:drow_game	8	static
../Core/Src/main.c:510:6:add_bonus	16	static
../Core/Src/main.c:515:6:update_bonus	8	static
../Core/Src/main.c:520:9:button_pressed	8	static
../Core/Src/main.c:539:5:joystick_value_y	8	static
../Core/Src/main.c:549:6:Error_Handler	4	static,ignoring_inline_asm
