../Core/Src/main.c:110:5:main	8	static
../Core/Src/main.c:179:6:SystemClock_Config	96	static
../Core/Src/main.c:240:13:MX_ADC1_Init	32	static
../Core/Src/main.c:298:13:MX_SPI1_Init	8	static
../Core/Src/main.c:338:13:MX_GPIO_Init	40	static
../Core/Src/main.c:377:6:add_backgrand	16	static
../Core/Src/main.c:400:6:update_backgrand	16	static
../Core/Src/main.c:433:6:update_lvl	4	static
../Core/Src/main.c:497:6:run_dead	16	static
../Core/Src/main.c:539:6:play_dead_anim	24	static
../Core/Src/main.c:558:6:shoot	64	static
../Core/Src/main.c:633:6:boss_shoot	16	static
../Core/Src/main.c:653:6:colliding	32	static
../Core/Src/main.c:664:6:update_scene	40	static
../Core/Src/main.c:940:6:drow_game	32	static
../Core/Src/main.c:1027:6:run_game	8	static
../Core/Src/main.c:1043:6:run_menu	16	static
../Core/Src/main.c:1066:6:start_game	16	static
../Core/Src/main.c:1114:6:add_enemy	16	static
../Core/Src/main.c:1160:6:add_bonus	24	static
../Core/Src/main.c:1196:6:update_bonus	16	static
../Core/Src/main.c:1257:9:button_pressed	8	static
../Core/Src/main.c:1281:5:joystick_value_y	8	static
../Core/Src/main.c:1291:6:Error_Handler	4	static,ignoring_inline_asm
