../Core/Src/main.c:94:5:main	8	static
../Core/Src/main.c:163:6:SystemClock_Config	96	static
../Core/Src/main.c:224:13:MX_ADC1_Init	32	static
../Core/Src/main.c:282:13:MX_SPI1_Init	8	static
../Core/Src/main.c:322:13:MX_GPIO_Init	40	static
../Core/Src/main.c:361:6:add_backgrand	16	static
../Core/Src/main.c:385:6:update_backgrand	16	static
../Core/Src/main.c:418:6:update_lvl	4	static
../Core/Src/main.c:482:6:run_dead	16	static
../Core/Src/main.c:524:6:play_dead_anim	24	static
../Core/Src/main.c:545:6:shoot	16	static
../Core/Src/main.c:567:6:boss_shoot	16	static
../Core/Src/main.c:587:6:colliding	32	static
../Core/Src/main.c:598:6:update_scene	32	static
../Core/Src/main.c:818:6:drow_game	32	static
../Core/Src/main.c:886:6:run_game	8	static
../Core/Src/main.c:901:6:run_menu	16	static
../Core/Src/main.c:924:6:start_game	16	static
../Core/Src/main.c:963:6:add_enemy	16	static
../Core/Src/main.c:1007:9:button_pressed	8	static
../Core/Src/main.c:1031:5:joystick_value_y	8	static
../Core/Src/main.c:1041:6:Error_Handler	4	static,ignoring_inline_asm
