../Core/Src/main.c:108:5:main	8	static
../Core/Src/main.c:177:6:SystemClock_Config	96	static
../Core/Src/main.c:238:13:MX_ADC1_Init	32	static
../Core/Src/main.c:296:13:MX_SPI1_Init	8	static
../Core/Src/main.c:336:13:MX_GPIO_Init	40	static
../Core/Src/main.c:375:6:add_backgrand	16	static
../Core/Src/main.c:398:6:update_backgrand	16	static
../Core/Src/main.c:431:6:update_lvl	4	static
../Core/Src/main.c:495:6:run_dead	16	static
../Core/Src/main.c:537:6:play_dead_anim	24	static
../Core/Src/main.c:556:6:shoot	16	static
../Core/Src/main.c:578:6:boss_shoot	16	static
../Core/Src/main.c:598:6:colliding	32	static
../Core/Src/main.c:609:6:update_scene	32	static
../Core/Src/main.c:833:6:drow_game	32	static
../Core/Src/main.c:907:6:run_game	8	static
../Core/Src/main.c:923:6:run_menu	16	static
../Core/Src/main.c:946:6:start_game	16	static
../Core/Src/main.c:989:6:add_enemy	16	static
../Core/Src/main.c:1033:6:add_bonus	24	static
../Core/Src/main.c:1057:6:update_bonus	16	static
../Core/Src/main.c:1103:9:button_pressed	8	static
../Core/Src/main.c:1127:5:joystick_value_y	8	static
../Core/Src/main.c:1137:6:Error_Handler	4	static,ignoring_inline_asm
