../Core/Src/main.c:112:5:main	8	static
../Core/Src/main.c:181:6:SystemClock_Config	96	static
../Core/Src/main.c:242:13:MX_ADC1_Init	32	static
../Core/Src/main.c:300:13:MX_SPI1_Init	8	static
../Core/Src/main.c:340:13:MX_GPIO_Init	40	static
../Core/Src/main.c:379:6:add_backgrand	16	static
../Core/Src/main.c:402:6:update_backgrand	16	static
../Core/Src/main.c:435:6:update_lvl	4	static
../Core/Src/main.c:499:6:run_dead	16	static
../Core/Src/main.c:541:6:play_dead_anim	24	static
../Core/Src/main.c:560:6:shoot	64	static
../Core/Src/main.c:636:6:boss_shoot	16	static
../Core/Src/main.c:656:6:colliding	32	static
../Core/Src/main.c:667:6:update_scene	40	static
../Core/Src/main.c:942:6:drow_game	32	static
../Core/Src/main.c:1019:6:run_game	8	static
../Core/Src/main.c:1035:6:run_menu	16	static
../Core/Src/main.c:1058:6:start_game	16	static
../Core/Src/main.c:1106:6:add_enemy	16	static
../Core/Src/main.c:1152:6:add_bonus	24	static
../Core/Src/main.c:1176:6:update_bonus	16	static
../Core/Src/main.c:1222:9:button_pressed	8	static
../Core/Src/main.c:1246:5:joystick_value_y	8	static
../Core/Src/main.c:1256:6:Error_Handler	4	static,ignoring_inline_asm
