../Core/Src/main.c:121:5:main	8	static
../Core/Src/main.c:191:6:SystemClock_Config	96	static
../Core/Src/main.c:252:13:MX_ADC1_Init	32	static
../Core/Src/main.c:310:13:MX_SPI1_Init	8	static
../Core/Src/main.c:350:13:MX_GPIO_Init	40	static
../Core/Src/main.c:387:6:Run_Dead	16	static
../Core/Src/main.c:412:6:Play_Dead_Anim	24	static
../Core/Src/main.c:431:6:Run_Game	8	static
../Core/Src/main.c:451:6:Run_Menu	16	static
../Core/Src/main.c:475:9:button_pressed	8	static
../Core/Src/main.c:494:5:joystick_value_y	8	static
../Core/Src/main.c:504:6:Error_Handler	4	static,ignoring_inline_asm
