../Core/Src/main.c:189:5:main	8	static
../Core/Src/main.c:258:6:SystemClock_Config	96	static
../Core/Src/main.c:319:13:MX_ADC1_Init	32	static
../Core/Src/main.c:377:13:MX_SPI1_Init	8	static
../Core/Src/main.c:417:13:MX_GPIO_Init	40	static
../Core/Src/main.c:456:6:add_backgrand	16	static
../Core/Src/main.c:480:6:update_backgrand	16	static
../Core/Src/main.c:513:6:update_lvl	4	static
../Core/Src/main.c:577:6:run_dead	16	static
../Core/Src/main.c:619:6:play_dead_anim	24	static
../Core/Src/main.c:640:6:shoot	16	static
../Core/Src/main.c:662:6:boss_shoot	16	static
../Core/Src/main.c:682:6:colliding	32	static
../Core/Src/main.c:693:6:update_scene	32	static
../Core/Src/main.c:913:6:drow_game	32	static
../Core/Src/main.c:981:6:run_game	8	static
../Core/Src/main.c:996:6:run_menu	16	static
../Core/Src/main.c:1033:6:start_game	16	static
../Core/Src/main.c:1072:6:add_enemy	16	static
../Core/Src/main.c:1116:9:button_pressed	8	static
../Core/Src/main.c:1146:6:Error_Handler	4	static,ignoring_inline_asm
