../Core/Src/ssd1327.c:42:6:SSD1327_CMD	16	static
../Core/Src/ssd1327.c:55:6:SSD1327_SetContrast	16	static
../Core/Src/ssd1327.c:64:6:SSD1327_Reset	8	static
../Core/Src/ssd1327.c:77:6:SSD1327_SpiInit	16	static
../Core/Src/ssd1327.c:90:6:SSD1327_Init	8	static
../Core/Src/ssd1327.c:158:6:SSD1327_Display	8	static
../Core/Src/ssd1327.c:202:6:SSD1327_CLR	8	static
../Core/Src/ssd1327.c:209:6:SSD1327_BeginFrame	8	static
../Core/Src/ssd1327.c:217:6:SSD1327_IsBusy	4	static
../Core/Src/ssd1327.c:233:13:SSD1327_StartDMATransfer	16	static
../Core/Src/ssd1327.c:250:6:SSD1327_Present	16	static
../Core/Src/ssd1327.c:276:6:SSD1327_SetPixel	32	static
../Core/Src/ssd1327.c:311:6:HAL_SPI_TxCpltCallback	16	static
