../Core/Src/ssd1327.c:50:13:SSD1327_CMD	16	static
../Core/Src/ssd1327.c:72:13:SSD1327_Reset	8	static
../Core/Src/ssd1327.c:85:6:SSD1327_SpiInit	16	static
../Core/Src/ssd1327.c:98:13:SSD1327_Init	8	static
../Core/Src/ssd1327.c:166:6:SSD1327_Display	8	static
../Core/Src/ssd1327.c:186:6:SSD1327_BeginFrame	8	static
../Core/Src/ssd1327.c:194:6:SSD1327_IsBusy	4	static
../Core/Src/ssd1327.c:210:13:SSD1327_StartDMATransfer	16	static
../Core/Src/ssd1327.c:227:6:SSD1327_Present	16	static
../Core/Src/ssd1327.c:253:6:SSD1327_SetPixel	32	static
../Core/Src/ssd1327.c:288:6:HAL_SPI_TxCpltCallback	16	static
